MSBuild server unavailable: could not connect to the server within the timeout window; the server may have failed to start. Falling back to an in-process build.
  Determining projects to restore...
  Restored D:\a\HyperCast\HyperCast\csharp\HyperCast\HyperCast.csproj (in 29.08 sec).
  Restored D:\a\HyperCast\HyperCast\csharp\HyperCast.AotSmokeTest\HyperCast.AotSmokeTest.csproj (in 29.08 sec).
C:\Program Files\dotnet\sdk\11.0.100-rc.1.26425.128\Sdks\Microsoft.NET.Sdk\targets\Microsoft.NET.RuntimeIdentifierInference.targets(385,5): message NETSDK1057: You are using a preview version of .NET. See: https://aka.ms/dotnet-support-policy [D:\a\HyperCast\HyperCast\csharp\HyperCast.AotSmokeTest\HyperCast.AotSmokeTest.csproj]
  HyperCast -> D:\a\HyperCast\HyperCast\csharp\HyperCast\bin\Release\net11.0\HyperCast.Managed.dll
  HyperCast.AotSmokeTest -> D:\a\HyperCast\HyperCast\csharp\HyperCast.AotSmokeTest\bin\Release\net11.0\win-x64\HyperCast.AotSmokeTest.dll
  Generating native code
  HyperCast.AotSmokeTest -> D:\a\HyperCast\HyperCast\aot-out\
No ILxxxx/AOTxxxx diagnostics on win-x64.
Core linked into the executable: no shared library in the publish output.
-rwxr-xr-x 1 runneradmin 197121 1550336 Oct  6 19:26 aot-out/HyperCast.AotSmokeTest.exe
ok   bool = True
ok   i8 = -128
ok   i16 = 32767
ok   i32 = -1234
ok   i64 = 1000
ok   u8 = 255
ok   u16 = 65535
ok   u32 = 4294967295
ok   u64 = 18446744073709551615
ok   f32 = 2.5
ok   f64 = 0.255
ok   decimal = -1234.5
ok   currency = -1234
ok   generic = 32767
ok   uuid = 01020304-0506-0708-090a-0b0c0d0e0f10
ok   timestamp = 01/02/2026 10:04:05 +00:00
ok   unix = 11/14/2023 22:13:20 +00:00
ok   excel serial = 01/01/2024 18:00:00 +00:00
ok   date = 01/02/2026
ok   date (ordered) = 01/07/2026
ok   datetime = 01/07/2026 15:04:00
ok   time = 15:04
ok   duration = 1.06:00:00
ok   decimal from double = 0.30000000000000004
ok   excel serial from double = 01/01/2024 18:00:00
ok   excel time = 18:00
ok   excel duration = 1.12:00:00
ok   utf8 = -1234
union switch: fault Malformed @ 0+1
native: available=True version=0.6.2
AOT smoke test passed.
